{
  "version": "1.0.0-*",

  "dependencies": {
    "dotnet-test-xunit": "2.2.0-preview2-build1029",
    "Library": {
      "target": "project",
      "version": "1.0.0-*"
    },
    "Microsoft.NETCore.App": {
      "type": "platform",
      "version": "1.0.1"
    },
    "xunit": "2.2.0-beta4-build3444"
  },

  "frameworks": {
    "netcoreapp1.0": {
      "imports": [ "dnxcore50" ]
    }
  },
  "testRunner": "xunit"
}
